// Jest Snapshot v1, https://goo.gl/fbAQLP

exports[`changes the class when hovered 1`] = `
<p>
  Loading...
</p>
`;

exports[`changes the class when hovered 2`] = `
<p>
  Loading...
</p>
`;
